# serializer version: 1
# name: test_granularities_data
  list([
    Granularity(id=3, name='10Min'),
    Granularity(id=4, name='15Min'),
    Granularity(id=5, name='Hour'),
    Granularity(id=6, name='Day'),
    Granularity(id=7, name='Month'),
    Granularity(id=8, name='Year'),
  ])
# ---
# name: test_points_data
  list([
    Point(id=0, name='Nederland', nameshort='NL'),
    Point(id=1, name='Groningen', nameshort='Gr'),
    Point(id=2, name='Friesland', nameshort='Fr'),
    Point(id=3, name='Drenthe', nameshort='Dr'),
    Point(id=4, name='Overijssel', nameshort='Ov'),
    Point(id=5, name='Flevoland', nameshort='FL'),
    Point(id=6, name='Gelderland', nameshort='Ge'),
    Point(id=7, name='Utrecht', nameshort='Ut'),
    Point(id=8, name='Noord-Holland', nameshort='No'),
    Point(id=9, name='Zuid-Holland', nameshort='Zu'),
    Point(id=10, name='Zeeland', nameshort='Ze'),
    Point(id=11, name='Noord-Brabant', nameshort='Nb'),
    Point(id=12, name='Limburg', nameshort='Li'),
    Point(id=13, name='Eilanden', nameshort='Ei'),
    Point(id=28, name='Windpark Luchterduinen', nameshort='WPlu'),
    Point(id=29, name='Windpark Princes Amalia', nameshort='WPam'),
    Point(id=30, name='Windpark Egmond aan Zee', nameshort='WPoz'),
    Point(id=31, name='Windpark Gemini', nameshort='WPGe'),
    Point(id=32, name='Windpark Borselle', nameshort='WPbo'),
    Point(id=33, name='Windpark Borselle I&II', nameshort='WPb1'),
    Point(id=34, name='Windpark Borselle III&IV', nameshort='Wpb3'),
    Point(id=35, name='Windpark Hollandse Kust Zuid', nameshort='WPkz'),
    Point(id=36, name='Windpark Hollandse Kust Noord', nameshort='WPkn'),
  ])
# ---
